<html>
<body>
<pre>
<h1>µVision Build Log</h1>
<h2>Project:</h2>
G:\Flemingo\nodeCode\nodePro.uvproj
Project File Date:  05/04/2016

<h2>Output:</h2>
Build target 'Target 1'
assembling Startup.s...
compiling node1_source_code.c...
node1_source_code.c(81): warning:  #167-D: argument of type "char *" is incompatible with parameter of type "unsigned char *"
node1_source_code.c(85): warning:  #167-D: argument of type "char *" is incompatible with parameter of type "unsigned char *"
node1_source_code.c(101): warning:  #167-D: argument of type "char *" is incompatible with parameter of type "unsigned char *"
node1_source_code.c(107): warning:  #167-D: argument of type "char *" is incompatible with parameter of type "unsigned char *"
node1_source_code.c(117): warning:  #167-D: argument of type "char *" is incompatible with parameter of type "unsigned char *"
node1_source_code.c(133): warning:  #167-D: argument of type "char *" is incompatible with parameter of type "unsigned char *"
node1_source_code.c(139): warning:  #167-D: argument of type "char *" is incompatible with parameter of type "unsigned char *"
node1_source_code.c(149): warning:  #167-D: argument of type "char *" is incompatible with parameter of type "unsigned char *"
node1_source_code.c(39): warning:  #177-D: variable "node" was declared but never referenced
node1_source_code.c(40): warning:  #177-D: variable "nParam" was declared but never referenced
node1_source_code.c(41): warning:  #177-D: variable "val" was declared but never referenced
node1_source_code.c(42): warning:  #177-D: variable "i_node" was declared but never referenced
node1_source_code.c(42): warning:  #177-D: variable "i_nParam" was declared but never referenced
node1_source_code.c(42): warning:  #177-D: variable "i_val" was declared but never referenced
linking...
Program Size: Code=11896 RO-data=208 RW-data=24 ZI-data=1256  
FromELF: creating hex file...
"nodePro.axf" - 0 Error(s), 14 Warning(s).
