<html>
<body>
<pre>
<h1>µVision Build Log</h1>
<h2>Project:</h2>
C:\Users\flemms\Desktop\nodeCode\ProNode1.uvproj
Project File Date:  05/05/2016

<h2>Output:</h2>
Rebuild target 'Target 1'
assembling Startup.s...
compiling node1_source_code.c...
str2int.h(129): warning:  #1-D: last line of file ends without a newline
  }
node1_source_code.c(128): warning:  #167-D: argument of type "char *" is incompatible with parameter of type "unsigned char *"
                                                        UART0_Write_Text(temp_data_str);
node1_source_code.c(133): warning:  #167-D: argument of type "char *" is incompatible with parameter of type "unsigned char *"
                                                        UART0_Write_Text(temp_data_str);
node1_source_code.c(147): warning:  #167-D: argument of type "char *" is incompatible with parameter of type "unsigned char *"
                                                        UART0_Write_Text(temp_data_str);
node1_source_code.c(156): warning:  #167-D: argument of type "char *" is incompatible with parameter of type "unsigned char *"
                                                        Lcd_String(temp_data_str);
node1_source_code.c(171): warning:  #167-D: argument of type "char *" is incompatible with parameter of type "unsigned char *"
                                                        Lcd_String(temp_data_str);
node1_source_code.c(194): warning:  #167-D: argument of type "char *" is incompatible with parameter of type "unsigned char *"
                                                        UART0_Write_Text(ldr_data_str);
node1_source_code.c(205): warning:  #167-D: argument of type "char *" is incompatible with parameter of type "unsigned char *"
                                                        Lcd_String(ldr_data_str);
node1_source_code.c(223): warning:  #167-D: argument of type "char *" is incompatible with parameter of type "unsigned char *"
                                                        Lcd_String(ldr_data_str);
node1_source_code.c(42): warning:  #177-D: variable "dataReceived" was declared but never referenced
                unsigned char dataReceived[8];
node1_source_code.c: 10 warnings, 0 errors
linking...
Program Size: Code=12980 RO-data=208 RW-data=32 ZI-data=1256  
FromELF: creating hex file...
".\ProNode1.axf" - 0 Error(s), 10 Warning(s).
</pre>
</body>
</html>
ode1.axf" - 2 Error(s), 10 Warning(s).
Target not created
1 Warning(s).
ile 'C:\Users\flemms\Desktop\nodeCode\ProNode1.axf'. Debugger aborted !
